2024-01-20T22:19:22,907403	INFO	Request started (Name: Insert, TraceId: e69d733f-e72e8c7-3fe03e8-17ac5302)
2024-01-20T22:19:23,766088	INFO	Parsing headers (TraceId: e69d733f-e72e8c7-3fe03e8-17ac5302)
2024-01-20T22:19:23,813662	INFO	Request completed (TraceId: e69d733f-e72e8c7-3fe03e8-17ac5302)
2024-01-20T22:19:24,092974	INFO	Request started (Name: Lookup, TraceId: 837bcffb-f58cf5-3fe03e8-43766f34)
2024-01-20T22:19:24,107432	INFO	Parsing headers (TraceId: 837bcffb-f58cf5-3fe03e8-43766f34)
2024-01-20T22:19:24,164329	INFO	Request failed (Error: Unknown, TraceId: 837bcffb-f58cf5-3fe03e8-43766f34)
2024-01-20T22:19:24,200000	INFO	Request started (Name: Lookup, TraceId: 837bcffb-f58cf5-3fe03e8-43766f35)
2024-01-20T22:19:24,200001	INFO	Some text (Name: Lookup, TraceId: 837bcffb-f58cf5-3fe03e8-43766f35)
2024-01-20T22:19:24,200002	INFO	Request started (Name: Lookup, TraceId: 837bcffb-f58cf5-3fe03e8-43766f36)
2024-01-20T22:19:24,200001	INFO	Some text (Name: Lookup, TraceId: 837bcffb-f58cf5-3fe03e8-43766f35)
2024-01-20T22:19:26,200002	INFO	Another text (Name: Lookup, TraceId: 837bcffb-f58cf5-3fe03e8-43766f36)
2024-01-20T22:19:26,200003	INFO	Request failed (Error: some error, TraceId: 837bcffb-f58cf5-3fe03e8-43766f36)